[backblue.gif]
[fade.gif]
[index.html]
[localhost/wp/comments/feed/index.html]
[localhost/wp/feed/index.html]
[localhost/wp/wp-includes/js/jquery/jquery.minaf6c.js]
[localhost/wp/wp-includes/js/jquery/jquery-migrate.mind617.js]
[localhost/wp/wp-content/plugins/wp-night-mode/public/js/wp-night-mode-public8a54.js]
[localhost/wp/wp-json/index.html]
[localhost/wp/wp-json/wp/v2/pages/509.json]
[localhost/wp/xmlrpc0db0.php]
[localhost/wp/wp-includes/wlwmanifest.xml]
[localhost/wp/wp-json/oembed/1.0/embedd7c9.json]
[localhost/wp/wp-json/oembed/1.0/embed1834]
[localhost/wp/wp-content/uploads/2022/02/burung-e1644982193128-150x150.png]
[kit.fontawesome.com/73060043bb.js]
[localhost/wp/wp-content/uploads/2022/02/burung-e1644982193128.png]
[localhost/wp/wp-content/uploads/2022/02/button.png]
[localhost/wp/wp-content/uploads/2022/02/tulisan-e1644982778828.png]
[localhost/wp/wp-content/uploads/2022/02/bg-garuda.png]
[localhost/wp/wp-content/uploads/2022/02/gr2.png]
[localhost/wp/wp-content/uploads/2022/02/gr-3.png]
[localhost/wp/wp-content/uploads/2022/02/WhatsApp-Video-2022-02-13-at-13.31.42-1.mp4]
[localhost/wp/wp-content/plugins/animated-typing-effect/assets/js/typed68b3.js]
[www.instagram.com/indonesianhawk/index.html]
[localhost/wp/wp-content/plugins/animated-typing-effect/assets/js/typed.fe68b3.js]
[localhost/wp/wp-content/themes/twentytwentyone/assets/js/polyfills7ef2.js]
[localhost/wp/wp-content/themes/twentytwentyone/assets/js/primary-navigation7ef2.js]
[localhost/wp/wp-content/themes/twentytwentyone/assets/js/responsive-embeds7ef2.js]
[localhost/wp/wp-content/plugins/elementor-pro/assets/lib/smartmenus/jquery.smartmenus.minf269.js]
[localhost/wp/wp-content/plugins/elementor-pro/assets/js/webpack-pro.runtime.min49eb.js]
[localhost/wp/wp-content/plugins/elementor/assets/js/webpack.runtime.mina25a.js]
[localhost/wp/wp-content/plugins/elementor/assets/js/frontend-modules.mina25a.js]
[localhost/wp/wp-content/plugins/elementor-pro/assets/js/frontend.min49eb.js]
[localhost/wp/wp-content/plugins/elementor/assets/lib/waypoints/waypoints.min05da.js]
[localhost/wp/wp-includes/js/jquery/ui/core.min1dd9.js]
[localhost/wp/wp-content/plugins/elementor/assets/js/frontend.mina25a.js]
[localhost/wp/wp-content/plugins/elementor-pro/assets/js/elements-handlers.min49eb.js]
[localhost/wp/hawk/index.html]
[s.w.org/index.html]
[localhost/wp/wp-includes/css/dist/block-library/style.min271b.css]
[localhost/wp/wp-content/plugins/animated-typing-effect/assets/css/cursor271b.css]
[localhost/wp/wp-content/plugins/wp-night-mode/public/css/wp-night-mode-public8a54.css]
[localhost/wp/wp-content/themes/twentytwentyone/style7ef2.css]
[localhost/wp/wp-content/themes/twentytwentyone/assets/css/print7ef2.css]
[localhost/wp/wp-content/plugins/elementor/assets/lib/eicons/fonts/eiconsdc2c.eot]
[localhost/wp/wp-content/plugins/elementor/assets/lib/eicons/fonts/eiconsdc2c.woff2]
[localhost/wp/wp-content/plugins/elementor/assets/lib/eicons/fonts/eiconsdc2c.woff]
[twitter.com/indonesianhawks.html]
[localhost/wp/wp-content/plugins/elementor/assets/lib/eicons/fonts/eiconsdc2c.ttf]
[localhost/wp/wp-content/plugins/elementor/assets/lib/eicons/css/elementor-icons.mine900.css]
[localhost/wp/wp-content/plugins/elementor/assets/css/frontend-lite.mina25a.css]
[localhost/wp/wp-content/uploads/elementor/css/post-7f92f.css]
[localhost/wp/wp-content/plugins/elementor-pro/assets/css/frontend-lite.min49eb.css]
[localhost/wp/wp-content/uploads/elementor/css/global1a84.css]
[localhost/wp/wp-content/uploads/elementor/css/post-5092602.css]
[fonts.googleapis.com/csscbc4.css]
[localhost/wp/wp-content/plugins/elementor/assets/lib/font-awesome/css/fontawesome.min52d5.css]
[localhost/wp/wp-content/plugins/elementor/assets/lib/font-awesome/webfonts/fa-solid-900.eot]
[localhost/wp/wp-content/plugins/elementor/assets/lib/font-awesome/webfonts/fa-solid-900.woff2]
[localhost/wp/wp-content/plugins/elementor/assets/lib/font-awesome/webfonts/fa-solid-900.woff]
[localhost/wp/wp-content/plugins/elementor/assets/lib/font-awesome/webfonts/fa-solid-900d41d.eot]
[localhost/wp/wp-content/plugins/elementor/assets/lib/font-awesome/webfonts/fa-solid-900.ttf]
[localhost/wp/wp-content/plugins/elementor/assets/lib/font-awesome/css/solid.min52d5.css]
[localhost/wp/index321c.html]
[localhost/wp/wp-content/plugins/elementor-pro/assets/css/widget-nav-menu.min.css]
[localhost/wp/wp-content/uploads/2022/02/WhatsApp-Video-2022-02-13-at-13.31.42-1.mp4]
[www.instagram.com/data/manifest.json]
[www.instagram.com/static/bundles/metro/ConsumerUICommons.css/544e6e029d31.css]
[www.instagram.com/static/bundles/metro/Consumer.css/bc96d5aeac03.css]
[www.instagram.com/static/bundles/metro/ProfilePageContainer.css/15cebd7f087d.css]
[www.instagram.com/static/bundles/metro/Vendor.js/a18d155f0994.js]
[www.instagram.com/static/bundles/metro/en_US.js/6fb775374dca.js]
[www.instagram.com/static/bundles/metro/ConsumerAsyncCommons.js/c4ca4238a0b9.js]
[www.instagram.com/static/bundles/metro/ConsumerUICommons.js/6ee78a682cb3.js]
[www.instagram.com/static/bundles/metro/ProfilePageContainer.js/509672d55fe9.js]
[www.instagram.com/static/images/ico/apple-touch-icon-76x76-precomposed.png/666282be8229.png]
[www.instagram.com/data/shared_data/index.html]
[www.instagram.com/static/images/ico/apple-touch-icon-120x120-precomposed.png/8a5bd3f267b1.png]
[www.instagram.com/static/images/ico/apple-touch-icon-152x152-precomposed.png/68193576ffc5.png]
[www.instagram.com/static/bundles/metro/ConsumerLibCommons.js/a00cf7210cfd.js]
[www.instagram.com/static/images/ico/apple-touch-icon-167x167-precomposed.png/4985e31c9100.png]
[www.instagram.com/static/images/ico/apple-touch-icon-180x180-precomposed.png/c06fdb2357bd.png]
[www.instagram.com/static/images/ico/favicon.ico/36b3ee2d91ed.ico]
[www.instagram.com/static/images/ico/favicon-192.png/68d99ba29cc8.png]
[www.instagram.com/static/bundles/metro/Polyfills.js/0094bceb46a0.js]
[www.instagram.com/static/bundles/metro/Consumer.js/a232753eb4ad.js]
[www.instagram.com/indonesianhawk/index.html]
[www.instagram.com/indonesianhawk/indexfef7.html]
[www.instagram.com/indonesianhawk/index7d7c.html]
[www.instagram.com/indonesianhawk/indexa209.html]
[www.instagram.com/indonesianhawk/index0016.html]
[www.instagram.com/indonesianhawk/indexde3a.html]
[www.instagram.com/indonesianhawk/index0b8e.html]
[www.instagram.com/indonesianhawk/indexf854.html]
[www.instagram.com/indonesianhawk/index9e29.html]
[www.instagram.com/indonesianhawk/index232e.html]
[www.instagram.com/indonesianhawk/index28b7.html]
[www.instagram.com/indonesianhawk/index6dd3.html]
[www.instagram.com/indonesianhawk/indexc581.html]
[www.instagram.com/indonesianhawk/index539c.html]
[www.instagram.com/indonesianhawk/indexecc8.html]
[www.instagram.com/indonesianhawk/indexaaeb.html]
[www.instagram.com/indonesianhawk/indexdc29.html]
[www.instagram.com/indonesianhawk/indexc91a.html]
[www.instagram.com/indonesianhawk/index014b.html]
[www.instagram.com/indonesianhawk/index0cf2.html]
[www.instagram.com/indonesianhawk/index7c40.html]
[www.instagram.com/indonesianhawk/index4017.html]
[www.instagram.com/indonesianhawk/index5a9d.html]
[www.instagram.com/indonesianhawk/index9201.html]
[www.instagram.com/indonesianhawk/indexb2db.html]
[www.instagram.com/indonesianhawk/index1672.html]
[www.instagram.com/indonesianhawk/index7a92.html]
[www.instagram.com/indonesianhawk/index5083.html]
[www.instagram.com/indonesianhawk/indexc13b.html]
[www.instagram.com/indonesianhawk/index9e3e.html]
[www.instagram.com/indonesianhawk/index9841.html]
[www.instagram.com/indonesianhawk/indexd294.html]
[www.instagram.com/indonesianhawk/index0f5d.html]
[www.instagram.com/indonesianhawk/indexad0b.html]
[www.instagram.com/indonesianhawk/index5303.html]
[www.instagram.com/indonesianhawk/indexe9b2.html]
[www.instagram.com/indonesianhawk/indexff11.html]
[www.instagram.com/indonesianhawk/indexdb1e.html]
[www.instagram.com/indonesianhawk/indexf857.html]
[www.instagram.com/indonesianhawk/index882e.html]
[www.instagram.com/indonesianhawk/index6c7f.html]
[www.instagram.com/indonesianhawk/index327f.html]
[www.instagram.com/indonesianhawk/index241a.html]
[www.instagram.com/indonesianhawk/index3a7e.html]
[www.instagram.com/indonesianhawk/index030f.html]
[www.instagram.com/indonesianhawk/indexb058.html]
[www.instagram.com/indonesianhawk/index9d29.html]
[www.instagram.com/indonesianhawk/index0fe5.html]
[www.instagram.com/indonesianhawk/index2a81.html]
[www.instagram.com/indonesianhawk/indexc4e8.html]
[www.instagram.com/indonesianhawk/index53ad.html]
[www.instagram.com/indonesianhawk/index9d00.html]
[www.instagram.com/indonesianhawk/indexf4a3.html]
[www.instagram.com/indonesianhawk/index514d.html]
[www.instagram.com/indonesianhawk/indexfafd.html]
[abs.twimg.com/responsive-web/client-web-legacy/polyfills.5b86bb55.js]
[abs.twimg.com/responsive-web/client-web-legacy/vendors_main.35bca545.js]
[abs.twimg.com/responsive-web/client-web-legacy/i18n/en.c32d5265.js]
[abs.twimg.com/responsive-web/client-web-legacy/main.98bf0c55.js]
[twitter.com/manifest.json]
[twitter.com/indonesianhawks9ed2.html]
[twitter.com/indonesianhawksd6cc.html]
[twitter.com/indonesianhawks5caa.html]
[twitter.com/indonesianhawks1f03.html]
[twitter.com/indonesianhawksbbc9.html]
[twitter.com/indonesianhawksa35d.html]
[twitter.com/indonesianhawks7b3f.html]
[twitter.com/indonesianhawksc423.html]
[twitter.com/indonesianhawks3322.html]
[twitter.com/indonesianhawks4bed.html]
[twitter.com/indonesianhawksa4c9.html]
[twitter.com/indonesianhawksc69a.html]
[twitter.com/indonesianhawksad9c.html]
[twitter.com/indonesianhawkse6ac.html]
[twitter.com/indonesianhawks5720.html]
[twitter.com/indonesianhawkse68f.html]
[twitter.com/indonesianhawks5242.html]
[twitter.com/indonesianhawks4240.html]
[twitter.com/indonesianhawks7d5b.html]
[twitter.com/indonesianhawks64f4.html]
[twitter.com/indonesianhawksef8e.html]
[twitter.com/indonesianhawks1ebe.html]
[twitter.com/indonesianhawksa30c.html]
[twitter.com/indonesianhawks9bb4.html]
[twitter.com/indonesianhawksc9e6.html]
[twitter.com/indonesianhawkscf53.html]
[twitter.com/indonesianhawks21c9.html]
[twitter.com/indonesianhawks7542.html]
[twitter.com/indonesianhawksc203.html]
[twitter.com/indonesianhawks99dc.html]
[twitter.com/indonesianhawks2bc7.html]
[twitter.com/indonesianhawkscdb1.html]
[twitter.com/indonesianhawks6bf8.html]
[twitter.com/indonesianhawks923c.html]
[twitter.com/indonesianhawks0b5e.html]
[twitter.com/indonesianhawks2139.html]
[twitter.com/indonesianhawks08c7.html]
[twitter.com/indonesianhawks6e27.html]
[twitter.com/indonesianhawks9e93.html]
[twitter.com/indonesianhawks880d.html]
[twitter.com/indonesianhawkscc5a.html]
[twitter.com/indonesianhawks2296.html]
[twitter.com/indonesianhawks9277.html]
[twitter.com/indonesianhawksadd9.html]
[twitter.com/indonesianhawkse034.html]
[twitter.com/indonesianhawks3454.html]
[twitter.com/indonesianhawks42d0.html]
[twitter.com/opensearch.xml]
[abs.twimg.com/responsive-web/client-web-legacy/icon-ios.b1fc7275.png]
[abs.twimg.com/errors/logo46x38.png]
[twitter.com/tos.8b.delayed]
[twitter.com/en/tos.html]
[twitter.com/privacy.8d.delayed]
[twitter.com/en/privacy.html]
[twitter.com/indonesianhawks.html]
[localhost/wp/hawk/Trident/index.html]
[localhost/wp/wp-content/plugins/elementor/assets/lib/animations/animations.mina25a.css]
[localhost/wp/wp-content/plugins/elementor/assets/lib/eicons/fonts/eiconsdc2c.svg]
[localhost/wp/wp-content/plugins/elementor/assets/lib/font-awesome/webfonts/fa-solid-900.svg]
[www.instagram.com/static/bundles/metro/sprite_wellbeing_6af9c5060ebc.png/6af9c5060ebc.png]
[www.instagram.com/static/bundles/metro/sprite_wellbeing_2x_c0241d394c59.png/c0241d394c59.png]
[www.instagram.com/static/bundles/metro/sprite_stories_ce36b733f814.png/ce36b733f814.png]
[www.instagram.com/static/bundles/metro/sprite_stories_2x_5b2f74f4bf86.png/5b2f74f4bf86.png]
[www.instagram.com/static/bundles/metro/sprite_nametag_ff60b6c57870.png/ff60b6c57870.png]
[www.instagram.com/static/bundles/metro/sprite_nametag_2x_69c195e9ff3c.png/69c195e9ff3c.png]
[www.instagram.com/static/bundles/metro/sprite_mediatypes_65c15d7731ea.png/65c15d7731ea.png]
[www.instagram.com/static/bundles/metro/sprite_mediatypes_2x_3be21f338c88.png/3be21f338c88.png]
[www.instagram.com/static/bundles/metro/sprite_loggedout_a703f1117d10.png/a703f1117d10.png]
[www.instagram.com/static/bundles/metro/sprite_loggedout_2x_e70a937de99d.png/e70a937de99d.png]
[www.instagram.com/static/bundles/metro/sprite_glyphs_42be7ea14768.png/42be7ea14768.png]
[www.instagram.com/static/bundles/metro/sprite_glyphs_2x_77929eccc37e.png/77929eccc37e.png]
[www.instagram.com/static/bundles/metro/sprite_debuginfo_04482f505972.png/04482f505972.png]
[www.instagram.com/static/bundles/metro/sprite_debuginfo_2x_24b85a13663c.png/24b85a13663c.png]
[www.instagram.com/static/bundles/metro/sprite_core_32f0a4f27407.png/32f0a4f27407.png]
[www.instagram.com/static/bundles/metro/ConsumerUICommons.css/544e6e029d31.css]
[www.instagram.com/static/bundles/metro/sprite_core_2x_bcd90c1d4868.png/bcd90c1d4868.png]
[www.instagram.com/static/bundles/metro/sprite_video_2fdc79aa66b0.png/2fdc79aa66b0.png]
[www.instagram.com/static/bundles/metro/sprite_video_2x_4ca1223795d3.png/4ca1223795d3.png]
[www.instagram.com/static/images/rainbowGradient.png/558818d23695.png]
[www.instagram.com/static/images/homepage/home-phones.png/43cc71bb1b43.png]
[www.instagram.com/static/images/homepage/home-phones@2x.png/9364675fb26a.png]
[www.instagram.com/static/bundles/metro/Consumer.css/bc96d5aeac03.css]
[www.instagram.com/static/bundles/metro/sprite_payments_2x_b54ac2e84c57.png/b54ac2e84c57.png]
[www.instagram.com/static/bundles/metro/shimmer-dark_da4ad644f34a.gif/da4ad644f34a.gif]
[www.instagram.com/static/bundles/metro/sprite_payments_70cdf3ed970e.png/70cdf3ed970e.png]
[www.instagram.com/static/bundles/metro/sprite_felix_4800bc114a3a.png/4800bc114a3a.png]
[www.instagram.com/static/bundles/metro/ProfilePageContainer.css/15cebd7f087d.css]
[www.instagram.com/indonesianhawk/GET.html]
[www.instagram.com/indonesianhawk/android-app_/com.instagram.android/https/instagram.com/_u/indonesianhawk/index.html]
[www.instagram.com/indonesianhawk/indexfef7.html]
[www.instagram.com/static/bundles/metro/sprite_felix_2x_90d41aa74a11.png/90d41aa74a11.png]
[www.instagram.com/indonesianhawk/index7d7c.html]
[www.instagram.com/static/bundles/metro/fr_FR.js/14161f7f6913.js]
[www.instagram.com/indonesianhawk/indexa209.html]
[www.instagram.com/static/bundles/metro/it_IT.js/6970a0de1893.js]
[www.instagram.com/indonesianhawk/index0016.html]
[www.instagram.com/static/bundles/metro/de_DE.js/b0295d53dda6.js]
[www.instagram.com/indonesianhawk/indexde3a.html]
[www.instagram.com/static/bundles/metro/es_LA.js/45d2ee63fcd5.js]
[www.instagram.com/indonesianhawk/index0b8e.html]
[www.instagram.com/static/bundles/metro/zh_CN.js/721a255263d9.js]
[www.instagram.com/indonesianhawk/indexf854.html]
[www.instagram.com/static/bundles/metro/zh_TW.js/a0f0ca6b4130.js]
[www.instagram.com/indonesianhawk/index9e29.html]
[www.instagram.com/static/bundles/metro/ja_JP.js/307e619be968.js]
[www.instagram.com/indonesianhawk/index232e.html]
[www.instagram.com/static/bundles/metro/ko_KR.js/0e0f53a9b22b.js]
[www.instagram.com/indonesianhawk/index28b7.html]
[www.instagram.com/indonesianhawk/index6dd3.html]
[www.instagram.com/static/bundles/metro/pt_BR.js/f099933ad2d7.js]
[www.instagram.com/indonesianhawk/indexc581.html]
[www.instagram.com/static/bundles/metro/af_ZA.js/16ecf9e6d7c4.js]
[www.instagram.com/indonesianhawk/index539c.html]
[www.instagram.com/static/bundles/metro/cs_CZ.js/1c871f3488a1.js]
[www.instagram.com/indonesianhawk/indexecc8.html]
[www.instagram.com/static/bundles/metro/da_DK.js/5df792d5f186.js]
[www.instagram.com/indonesianhawk/indexaaeb.html]
[www.instagram.com/static/bundles/metro/el_GR.js/5493a7578d36.js]
[www.instagram.com/indonesianhawk/indexdc29.html]
[www.instagram.com/static/bundles/metro/fi_FI.js/9e2686160d14.js]
[www.instagram.com/indonesianhawk/index014b.html]
[www.instagram.com/static/bundles/metro/hr_HR.js/b02802bed9fb.js]
[www.instagram.com/indonesianhawk/indexc91a.html]
[www.instagram.com/indonesianhawk/index0cf2.html]
[www.instagram.com/static/bundles/metro/hu_HU.js/f6158cd8e84d.js]
[www.instagram.com/static/bundles/metro/id_ID.js/407772ebfe82.js]
[www.instagram.com/indonesianhawk/index7c40.html]
[www.instagram.com/static/bundles/metro/ms_MY.js/e96856859f41.js]
[www.instagram.com/indonesianhawk/index4017.html]
[www.instagram.com/static/bundles/metro/nb_NO.js/470e4382743f.js]
[www.instagram.com/indonesianhawk/index5a9d.html]
[www.instagram.com/static/bundles/metro/nl_NL.js/95b651e2ee02.js]
[www.instagram.com/indonesianhawk/indexb2db.html]
[www.instagram.com/static/bundles/metro/pl_PL.js/fcebd10d9956.js]
[www.instagram.com/indonesianhawk/index9201.html]
[www.instagram.com/static/bundles/metro/ru_RU.js/b1e0c33ab2e4.js]
[www.instagram.com/indonesianhawk/index1672.html]
[www.instagram.com/static/bundles/metro/sk_SK.js/85bd87ff7d6b.js]
[www.instagram.com/indonesianhawk/index5083.html]
[www.instagram.com/static/bundles/metro/sv_SE.js/5c44b2b77ecf.js]
[www.instagram.com/indonesianhawk/index7a92.html]
[www.instagram.com/static/bundles/metro/th_TH.js/22a513205a27.js]
[www.instagram.com/indonesianhawk/indexc13b.html]
[www.instagram.com/static/bundles/metro/tl_PH.js/5ea603c0f588.js]
[www.instagram.com/indonesianhawk/index9e3e.html]
[www.instagram.com/static/bundles/metro/tr_TR.js/886d9388cd97.js]
[www.instagram.com/indonesianhawk/index9841.html]
[www.instagram.com/static/bundles/metro/hi_IN.js/43a81c57cac1.js]
[www.instagram.com/indonesianhawk/indexd294.html]
[www.instagram.com/static/bundles/metro/bn_IN.js/4a8eace1c1e9.js]
[www.instagram.com/indonesianhawk/index0f5d.html]
[www.instagram.com/static/bundles/metro/gu_IN.js/a189607d221f.js]
[www.instagram.com/indonesianhawk/indexad0b.html]
[www.instagram.com/static/bundles/metro/kn_IN.js/3401d58ab065.js]
[www.instagram.com/indonesianhawk/index5303.html]
[www.instagram.com/indonesianhawk/indexdb1e.html]
[www.instagram.com/static/bundles/metro/ml_IN.js/da39e3354781.js]
[www.instagram.com/indonesianhawk/indexe9b2.html]
[www.instagram.com/static/bundles/metro/mr_IN.js/89f02f7d0ca3.js]
[www.instagram.com/indonesianhawk/indexff11.html]
[www.instagram.com/static/bundles/metro/pa_IN.js/7a8cdbeb8a7e.js]
[www.instagram.com/indonesianhawk/indexf857.html]
[www.instagram.com/static/bundles/metro/ta_IN.js/0cc15097ea5a.js]
[www.instagram.com/indonesianhawk/index882e.html]
[www.instagram.com/static/bundles/metro/te_IN.js/2662f8dc143e.js]
[www.instagram.com/static/bundles/metro/ne_NP.js/aab7a87503ec.js]
[www.instagram.com/indonesianhawk/index6c7f.html]
[www.instagram.com/indonesianhawk/index241a.html]
[www.instagram.com/static/bundles/metro/si_LK.js/266add6ee367.js]
[www.instagram.com/indonesianhawk/index327f.html]
[www.instagram.com/static/bundles/metro/vi_VN.js/e9490ab424ff.js]
[www.instagram.com/indonesianhawk/index3a7e.html]
[www.instagram.com/static/bundles/metro/bg_BG.js/c1cd89a1490a.js]
[www.instagram.com/indonesianhawk/index030f.html]
[www.instagram.com/indonesianhawk/indexb058.html]
[www.instagram.com/static/bundles/metro/ro_RO.js/7da18156fe0e.js]
[www.instagram.com/static/bundles/metro/fr_CA.js/27300cb93d34.js]
[www.instagram.com/indonesianhawk/index9d29.html]
[www.instagram.com/static/bundles/metro/sr_RS.js/aeb944773474.js]
[www.instagram.com/indonesianhawk/index0fe5.html]
[www.instagram.com/static/bundles/metro/uk_UA.js/fb7085434fc6.js]
[www.instagram.com/indonesianhawk/index2a81.html]
[www.instagram.com/indonesianhawk/indexc4e8.html]
[www.instagram.com/static/bundles/metro/zh_HK.js/24f5302649bc.js]
[www.instagram.com/indonesianhawk/index53ad.html]
[www.instagram.com/indonesianhawk/index9d00.html]
[www.instagram.com/indonesianhawk/indexf4a3.html]
[www.instagram.com/indonesianhawk/indexfafd.html]
[www.instagram.com/indonesianhawk/index514d.html]
[www.instagram.com/indonesianhawk/POST.html]
[www.instagram.com/client_error/index.html]
[twitter.com/indonesianhawks9ed2.html]
[www.instagram.com/static/bundles/metro/en_GB.js/732cd6a796cd.js]
[twitter.com/indonesianhawksd6cc.html]
[abs.twimg.com/responsive-web/client-web-legacy/i18n/ar.5e0a4f25.js]
[twitter.com/indonesianhawks5caa.html]
[abs.twimg.com/responsive-web/client-web-legacy/i18n/ar-x-fm.05d1f3d5.js]
[twitter.com/indonesianhawks1f03.html]
[abs.twimg.com/responsive-web/client-web-legacy/i18n/bg.302a5c05.js]
[twitter.com/indonesianhawksbbc9.html]
[abs.twimg.com/responsive-web/client-web-legacy/i18n/bn.816e2e25.js]
[twitter.com/indonesianhawksa35d.html]
[abs.twimg.com/responsive-web/client-web-legacy/i18n/ca.f546dee5.js]
[twitter.com/indonesianhawks7b3f.html]
[abs.twimg.com/responsive-web/client-web-legacy/i18n/cs.fa06baa5.js]
[twitter.com/indonesianhawksc423.html]
[abs.twimg.com/responsive-web/client-web-legacy/i18n/da.9969cbf5.js]
[twitter.com/indonesianhawks3322.html]
[abs.twimg.com/responsive-web/client-web-legacy/i18n/de.56620625.js]
[twitter.com/indonesianhawks4bed.html]
[abs.twimg.com/responsive-web/client-web-legacy/i18n/el.9e200525.js]
[twitter.com/indonesianhawksa4c9.html]
[abs.twimg.com/responsive-web/client-web-legacy/i18n/en-GB.4116dc35.js]
[twitter.com/indonesianhawksc69a.html]
[abs.twimg.com/responsive-web/client-web-legacy/i18n/es.9e862275.js]
[twitter.com/indonesianhawksad9c.html]
[abs.twimg.com/responsive-web/client-web-legacy/i18n/eu.45508945.js]
[twitter.com/indonesianhawkse6ac.html]
[abs.twimg.com/responsive-web/client-web-legacy/i18n/fa.6c378a65.js]
[twitter.com/indonesianhawks5720.html]
[abs.twimg.com/responsive-web/client-web-legacy/i18n/fi.0ddcf045.js]
[twitter.com/indonesianhawkse68f.html]
[abs.twimg.com/responsive-web/client-web-legacy/i18n/fr.0eb43015.js]
[twitter.com/indonesianhawks5242.html]
[abs.twimg.com/responsive-web/client-web-legacy/i18n/ga.240726a5.js]
[twitter.com/indonesianhawks4240.html]
[abs.twimg.com/responsive-web/client-web-legacy/i18n/gl.2094d195.js]
[twitter.com/indonesianhawks7d5b.html]
[abs.twimg.com/responsive-web/client-web-legacy/i18n/gu.ce884945.js]
[twitter.com/indonesianhawks64f4.html]
[abs.twimg.com/responsive-web/client-web-legacy/i18n/he.b5da6ba5.js]
[twitter.com/indonesianhawksef8e.html]
[abs.twimg.com/responsive-web/client-web-legacy/i18n/hi.f3a083f5.js]
[twitter.com/indonesianhawks1ebe.html]
[abs.twimg.com/responsive-web/client-web-legacy/i18n/hr.3789cb15.js]
[twitter.com/indonesianhawksa30c.html]
[abs.twimg.com/responsive-web/client-web-legacy/i18n/hu.02ecace5.js]
[twitter.com/indonesianhawks9bb4.html]
[abs.twimg.com/responsive-web/client-web-legacy/i18n/id.6fbe0a85.js]
[twitter.com/indonesianhawkscf53.html]
[abs.twimg.com/responsive-web/client-web-legacy/i18n/it.8cceb935.js]
[twitter.com/indonesianhawksc9e6.html]
[abs.twimg.com/responsive-web/client-web-legacy/i18n/ja.eaae2b25.js]
[twitter.com/indonesianhawks21c9.html]
[abs.twimg.com/responsive-web/client-web-legacy/i18n/kn.04c43955.js]
[twitter.com/indonesianhawks7542.html]
[abs.twimg.com/responsive-web/client-web-legacy/i18n/ko.78133845.js]
[twitter.com/indonesianhawksc203.html]
[abs.twimg.com/responsive-web/client-web-legacy/i18n/mr.63e7d575.js]
[twitter.com/indonesianhawks99dc.html]
[abs.twimg.com/responsive-web/client-web-legacy/i18n/ms.dc669645.js]
[twitter.com/indonesianhawks2bc7.html]
[twitter.com/indonesianhawkscdb1.html]
[twitter.com/indonesianhawks6bf8.html]
[abs.twimg.com/responsive-web/client-web-legacy/i18n/nb.1f9a5dd5.js]
[abs.twimg.com/responsive-web/client-web-legacy/i18n/pl.da627e25.js]
[abs.twimg.com/responsive-web/client-web-legacy/i18n/nl.e845d8e5.js]
[twitter.com/indonesianhawks923c.html]
[abs.twimg.com/responsive-web/client-web-legacy/i18n/pt.d49a6fc5.js]
[twitter.com/indonesianhawks0b5e.html]
[abs.twimg.com/responsive-web/client-web-legacy/i18n/ro.9b346fb5.js]
[twitter.com/indonesianhawks2139.html]
[abs.twimg.com/responsive-web/client-web-legacy/i18n/ru.5dc39355.js]
[twitter.com/indonesianhawks08c7.html]
[abs.twimg.com/responsive-web/client-web-legacy/i18n/sk.5c0bb1b5.js]
[twitter.com/indonesianhawks6e27.html]
[abs.twimg.com/responsive-web/client-web-legacy/i18n/sr.0ec5f175.js]
[twitter.com/indonesianhawks9e93.html]
[abs.twimg.com/responsive-web/client-web-legacy/i18n/sv.ea61de05.js]
[twitter.com/indonesianhawks880d.html]
[abs.twimg.com/responsive-web/client-web-legacy/i18n/ta.651911f5.js]
[twitter.com/indonesianhawkscc5a.html]
[abs.twimg.com/responsive-web/client-web-legacy/i18n/th.7cf4bc05.js]
[twitter.com/indonesianhawks2296.html]
[abs.twimg.com/responsive-web/client-web-legacy/i18n/tr.1d5ad235.js]
[twitter.com/indonesianhawks9277.html]
[abs.twimg.com/responsive-web/client-web-legacy/i18n/uk.19240255.js]
[twitter.com/indonesianhawksadd9.html]
[abs.twimg.com/responsive-web/client-web-legacy/i18n/ur.24c25955.js]
[twitter.com/indonesianhawkse034.html]
[abs.twimg.com/responsive-web/client-web-legacy/i18n/vi.5cd71af5.js]
[twitter.com/indonesianhawks3454.html]
[abs.twimg.com/responsive-web/client-web-legacy/i18n/zh.ff118de5.js]
[twitter.com/indonesianhawks42d0.html]
[abs.twimg.com/responsive-web/client-web-legacy/i18n/zh-Hant.94ef09b5.js]
[cdn.cms-twdigitalassets.com/etc/designs/info-twitter/public/css/main.css.twhash.p.f.f29c98750c22ff25bd8502d2e54fa8e9.css]
[twitter.com/index.html]
[cdn.cms-twdigitalassets.com/etc/designs/info-twitter/public/css/print.css.twhash.p.f.a1ddadfc5c50e9e986f7b8872a6b28a3.css]
[cdn.cms-twdigitalassets.com/etc/designs/info-twitter/public/js/common.js.twhash.p.f.1844c17326b60941bebeb7d8f1d882dc.js]
[twitter.com/en/tos.108d2c4.delayed]
[twitter.com/en/tos/previous.html]
[twitter.com/content/twitter-com/legal/en.html]
[twitter.com/it/tos.html]
[twitter.com/de/tos.html]
[twitter.com/es/tos.html]
[twitter.com/fr/tos.html]
[twitter.com/ja/tos.html]
[twitter.com/ko/tos.html]
[twitter.com/pt/tos.html]
[twitter.com/ru/tos.html]
[platform.twitter.com/widgets.js]
[cdn.cms-twdigitalassets.com/etc/designs/info-twitter/public/js/app.js.twhash.p.f.4a29bc0688c76c090ab0aa187da8b750.js]
[cdn.cms-twdigitalassets.com/etc/designs/info-twitter/public/js/core.js.twhash.p.f.2a8b9cb440dff966a495d8e07d7e4410.js]
[cdn.cms-twdigitalassets.com/etc/designs/info-twitter/public/js/content.js.twhash.p.f.89e6f461909a754c1cee9cd3de8286f5.js]
[cdn.cms-twdigitalassets.com/etc/designs/info-twitter/public/js/form.js.twhash.p.f.9cf073168fe8be6343e35c743677c945.js]
[cdn.cms-twdigitalassets.com/etc/designs/info-twitter/public/js/universal.js.twhash.p.f.a046ee57490f9330aef63f006feddcef.js]
[cdn.cms-twdigitalassets.com/etc/designs/info-twitter/public/js/templates.js.twhash.p.f.8b49f61f34c85289e5ea8694304cf3a3.js]
[cdn.cms-twdigitalassets.com/etc/designs/info-twitter/public/js/privacy.js.twhash.p.f.e59d8094a7c26ee3a29a077314390d0d.js]
[cdn.cms-twdigitalassets.com/etc/designs/common-twitter/clientlib-u12-data-protection-notice.min.twhash.p.cl.e5f41c96ebe26adc278fe501d69fdebf.css]
[cdn.cms-twdigitalassets.com/etc/designs/common-twitter/clientlib-promise-polyfill.min.twhash.p.cl.678c3c47bfcf62393184734a7204fcdf.js]
[cdn.cms-twdigitalassets.com/etc/designs/common-twitter/clientlib-twtr-profile-adapter.min.twhash.p.cl.2f6a2e41ae41c33aba9f8a7dcf876eb6.js]
[cdn.cms-twdigitalassets.com/etc/designs/common-twitter/clientlib-u12-data-protection-notice.min.twhash.p.cl.9c34f76a4ab517d890765dd40fd17dd6.js]
[twitter.com/en/tos.html]
[cdn.cms-twdigitalassets.com/etc/clientlibs/dtm/legal-twitter/c411b4930511/66f0485da484/launch-044dba7d06b4.min.js.twhash.s.f.7de56832068877218aa7169769ef02e6.js]
[cdn.cms-twdigitalassets.com/etc/designs/info-twitter/public/css/main.css.twhash.s.f.f29c98750c22ff25bd8502d2e54fa8e9.css]
[cdn.cms-twdigitalassets.com/etc/designs/info-twitter/public/css/print.css.twhash.s.f.a1ddadfc5c50e9e986f7b8872a6b28a3.css]
[cdn.cms-twdigitalassets.com/etc/designs/info-twitter/public/js/common.js.twhash.s.f.1844c17326b60941bebeb7d8f1d882dc.js]
[twitter.com/settings/account.html]
[twitter.com/settings/your_twitter_data.html]
[cdn.cms-twdigitalassets.com/content/dam/legal-twitter/site-assets/privacy-page-gdpr/pngs/1-2_darkpurple_bg.png]
[cdn.cms-twdigitalassets.com/content/dam/legal-twitter/site-assets/privacy-page-gdpr/pngs/ASSET_1_2-1.png]
[twitter.com/settings/notifications.html]
[twitter.com/settings/devices.html]
[twitter.com/settings/safety.html]
[cdn.cms-twdigitalassets.com/content/dam/legal-twitter/site-assets/privacy-page-gdpr/pngs/OPTIMIZEDPHOTO_2_1-1.jpg]
[cdn.cms-twdigitalassets.com/content/dam/legal-twitter/site-assets/privacy-page-gdpr/pngs/ASSET_2_1-1.png]
[cdn.cms-twdigitalassets.com/content/dam/legal-twitter/site-assets/privacy-page-gdpr/pngs/OPTIMIZEDPHOTO_2_1-2.jpg]
[cdn.cms-twdigitalassets.com/content/dam/legal-twitter/site-assets/privacy-page-gdpr/pngs/ASSET_2_1-2.png]
[cdn.cms-twdigitalassets.com/content/dam/legal-twitter/site-assets/privacy-page-gdpr/pngs/OPTIMIZEDPHOTO_2_1-3.jpg]
[cdn.cms-twdigitalassets.com/content/dam/legal-twitter/site-assets/privacy-page-gdpr/pngs/ASSET_2_1-3.png]
[cdn.cms-twdigitalassets.com/content/dam/legal-twitter/site-assets/privacy-page-gdpr/pngs/2-4_darkgreen_bg.png]
[cdn.cms-twdigitalassets.com/content/dam/legal-twitter/site-assets/privacy-page-gdpr/pngs/2-4_tap_asset.gif]
[cdn.cms-twdigitalassets.com/content/dam/legal-twitter/site-assets/privacy-page-gdpr/pngs/ASSET_2_4-3.png]
[cdn.cms-twdigitalassets.com/content/dam/legal-twitter/site-assets/privacy-page-gdpr/pngs/ASSET_2_5-1.png]
[cdn.cms-twdigitalassets.com/content/dam/legal-twitter/site-assets/privacy-page-gdpr/pngs/ASSET_2_6-1.png]
[cdn.cms-twdigitalassets.com/content/dam/legal-twitter/site-assets/privacy-page-gdpr/pngs/REVISEDASSET_2_6-2.png]
[cdn.cms-twdigitalassets.com/content/dam/legal-twitter/site-assets/privacy-page-gdpr/pngs/REVISEDASSET_2_9-1.png]
[cdn.cms-twdigitalassets.com/content/dam/legal-twitter/site-assets/privacy-page-gdpr/pngs/ASSET_2_9-2.png]
[twitter.com/personalization.html]
[twitter.com/your_twitter_data.html]
[twitter.com/settings/autoplay.html]
[cdn.cms-twdigitalassets.com/content/dam/legal-twitter/site-assets/privacy-page-gdpr/pngs/3-1_darkorange_bg.png]
[cdn.cms-twdigitalassets.com/content/dam/legal-twitter/site-assets/privacy-page-gdpr/pngs/ASSET_3_1-1.png]
[twitter.com/twittersupport.html]
[twitter.com/en/privacy/previous.html]
[twitter.com/it/privacy.html]
[twitter.com/de/privacy.html]
[twitter.com/es/privacy.html]
[twitter.com/fr/privacy.html]
[twitter.com/ja/privacy.html]
[twitter.com/ko/privacy.html]
[twitter.com/pt/privacy.html]
[twitter.com/ru/privacy.html]
[cdn.cms-twdigitalassets.com/etc/designs/info-twitter/public/js/app.js.twhash.s.f.4a29bc0688c76c090ab0aa187da8b750.js]
[cdn.cms-twdigitalassets.com/etc/designs/info-twitter/public/js/core.js.twhash.s.f.2a8b9cb440dff966a495d8e07d7e4410.js]
[cdn.cms-twdigitalassets.com/etc/designs/info-twitter/public/js/content.js.twhash.s.f.89e6f461909a754c1cee9cd3de8286f5.js]
[cdn.cms-twdigitalassets.com/etc/designs/info-twitter/public/js/form.js.twhash.s.f.9cf073168fe8be6343e35c743677c945.js]
[cdn.cms-twdigitalassets.com/etc/designs/info-twitter/public/js/universal.js.twhash.s.f.a046ee57490f9330aef63f006feddcef.js]
[cdn.cms-twdigitalassets.com/etc/designs/info-twitter/public/js/templates.js.twhash.s.f.8b49f61f34c85289e5ea8694304cf3a3.js]
[cdn.cms-twdigitalassets.com/etc/designs/info-twitter/public/js/privacy.js.twhash.s.f.e59d8094a7c26ee3a29a077314390d0d.js]
[cdn.cms-twdigitalassets.com/etc/designs/common-twitter/clientlib-u12-data-protection-notice.min.twhash.s.cl.e5f41c96ebe26adc278fe501d69fdebf.css]
[cdn.cms-twdigitalassets.com/etc/designs/common-twitter/clientlib-promise-polyfill.min.twhash.s.cl.678c3c47bfcf62393184734a7204fcdf.js]
[cdn.cms-twdigitalassets.com/etc/designs/common-twitter/clientlib-twtr-profile-adapter.min.twhash.s.cl.2f6a2e41ae41c33aba9f8a7dcf876eb6.js]
[cdn.cms-twdigitalassets.com/etc/designs/common-twitter/clientlib-u12-data-protection-notice.min.twhash.s.cl.9c34f76a4ab517d890765dd40fd17dd6.js]
[twitter.com/en/privacy.html]
[twitter.com/index.html]
[twitter.com/index9ed2.html]
[twitter.com/index5caa.html]
[twitter.com/index1f03.html]
[twitter.com/indexd6cc.html]
[cdn.cms-twdigitalassets.com/etc/designs/info-twitter/public/css/main.css.twhash.p.f.f29c98750c22ff25bd8502d2e54fa8e9.css]
[twitter.com/indexbbc9.html]
[twitter.com/indexa35d.html]
[cdn.cms-twdigitalassets.com/etc/designs/info-twitter/public/css/print.css.twhash.p.f.a1ddadfc5c50e9e986f7b8872a6b28a3.css]
[twitter.com/indexc423.html]
[twitter.com/index7b3f.html]
[twitter.com/index3322.html]
[twitter.com/index4bed.html]
[twitter.com/indexa4c9.html]
[twitter.com/indexc69a.html]
[twitter.com/content/twitter-com/legal/en/tos/previous.html]
[twitter.com/indexad9c.html]
[twitter.com/indexe6ac.html]
[cdn.cms-twdigitalassets.com/etc/designs/legal-twitter/clientlib-site.min.twhash.s.cl.9e90ca20f4864ff5cbcdc47126ad9329.css]
[twitter.com/index5720.html]
[twitter.com/indexe68f.html]
[twitter.com/index5242.html]
[twitter.com/login.html]
[twitter.com/index4240.html]
[twitter.com/index7d5b.html]
[twitter.com/index64f4.html]
[twitter.com/en/tos/previous/version_15.html]
[twitter.com/index1ebe.html]
[twitter.com/indexef8e.html]
[twitter.com/en/tos/previous/version_14.html]
[twitter.com/indexcf53.html]
[twitter.com/indexa30c.html]
[twitter.com/en/tos/previous/version_13.html]
[twitter.com/indexc9e6.html]
[twitter.com/index21c9.html]
[twitter.com/en/tos/previous/version_12.html]
[twitter.com/index9bb4.html]
[twitter.com/index7542.html]
[twitter.com/indexc203.html]
[twitter.com/en/tos/previous/version_11.html]
[twitter.com/index99dc.html]
[twitter.com/index2bc7.html]
[twitter.com/indexcdb1.html]
[twitter.com/en/tos/previous/version_10.html]
[twitter.com/index6bf8.html]
[twitter.com/index923c.html]
[twitter.com/index0b5e.html]
[twitter.com/en/tos/previous/version_9.html]
[twitter.com/index2139.html]
[twitter.com/index08c7.html]
[twitter.com/en/tos/previous/version_8.html]
[twitter.com/index6e27.html]
[twitter.com/index880d.html]
[twitter.com/index9e93.html]
[twitter.com/en/tos/previous/version_7.html]
[twitter.com/indexcc5a.html]
[twitter.com/en/tos/previous/version_6.html]
[twitter.com/index9277.html]
[twitter.com/index2296.html]
[twitter.com/indexadd9.html]
[twitter.com/en/tos/previous/version_5.html]
[twitter.com/indexe034.html]
[twitter.com/index42d0.html]
[twitter.com/index3454.html]
[twitter.com/en/tos/previous/version_4.html]
[twitter.com/en/tos/previous/version_3.html]
[twitter.com/en/tos/previous/version_2.html]
[twitter.com/en/tos/previous/version_1.html]
[twitter.com/etc.clientlibs/clientlibs/granite/jquery.min.twhash.s.cl.f65891607efbe75b84a8031849cec6c7.html]
[cdn.cms-twdigitalassets.com/etc/designs/common-twitter/global-vars.min.twhash.s.cl.d124ce9017ad534db9653f8308be25d0.js]
[cdn.cms-twdigitalassets.com/etc/designs/legal-twitter/clientlib-site.min.twhash.s.cl.e66392ce49a62247dd83fad80c8a6107.js]
[static.ads-twitter.com/oct.js]
[cdn.cms-twdigitalassets.com/etc/designs/common-twitter/analytics.min.twhash.s.cl.f32969bdd3b5a2d585fa4b82d6f24534.js]
[cdn.cms-twdigitalassets.com/etc/designs/legal-twitter/clientlib-twtr-profile-adapter.min.twhash.s.cl.c3b119a4cc2249caed364b89790624a4.js]
[twitter.com/en/tos/previous.html]
[twitter.com/content/twitter-com/legal/en9ed2.html]
[twitter.com/content/twitter-com/legal/end6cc.html]
[twitter.com/content/twitter-com/legal/en5caa.html]
[twitter.com/content/twitter-com/legal/en1f03.html]
[twitter.com/content/twitter-com/legal/enbbc9.html]
[twitter.com/content/twitter-com/legal/ena35d.html]
[twitter.com/content/twitter-com/legal/en7b3f.html]
[twitter.com/content/twitter-com/legal/enc423.html]
[twitter.com/content/twitter-com/legal/en3322.html]
[twitter.com/content/twitter-com/legal/en4bed.html]
[twitter.com/content/twitter-com/legal/ena4c9.html]
[twitter.com/content/twitter-com/legal/enc69a.html]
[twitter.com/content/twitter-com/legal/enad9c.html]
[twitter.com/content/twitter-com/legal/ene6ac.html]
[twitter.com/content/twitter-com/legal/en5720.html]
[twitter.com/content/twitter-com/legal/ene68f.html]
[twitter.com/content/twitter-com/legal/en5242.html]
[twitter.com/content/twitter-com/legal/en4240.html]
[twitter.com/content/twitter-com/legal/en7d5b.html]
[twitter.com/content/twitter-com/legal/en64f4.html]
[twitter.com/content/twitter-com/legal/enef8e.html]
[twitter.com/content/twitter-com/legal/en1ebe.html]
[twitter.com/content/twitter-com/legal/ena30c.html]
[twitter.com/content/twitter-com/legal/en9bb4.html]
[twitter.com/content/twitter-com/legal/encf53.html]
[twitter.com/content/twitter-com/legal/enc9e6.html]
[twitter.com/content/twitter-com/legal/en21c9.html]
[twitter.com/content/twitter-com/legal/en7542.html]
[twitter.com/content/twitter-com/legal/enc203.html]
[twitter.com/content/twitter-com/legal/en99dc.html]
[twitter.com/content/twitter-com/legal/en2bc7.html]
[twitter.com/content/twitter-com/legal/encdb1.html]
[twitter.com/content/twitter-com/legal/en6bf8.html]
[twitter.com/content/twitter-com/legal/en923c.html]
[twitter.com/content/twitter-com/legal/en0b5e.html]
[twitter.com/content/twitter-com/legal/en2139.html]
[twitter.com/content/twitter-com/legal/en08c7.html]
[twitter.com/content/twitter-com/legal/en6e27.html]
[twitter.com/content/twitter-com/legal/en9e93.html]
[twitter.com/content/twitter-com/legal/en880d.html]
[twitter.com/content/twitter-com/legal/encc5a.html]
[twitter.com/content/twitter-com/legal/en2296.html]
[twitter.com/content/twitter-com/legal/en9277.html]
[twitter.com/content/twitter-com/legal/enadd9.html]
[twitter.com/content/twitter-com/legal/ene034.html]
[twitter.com/content/twitter-com/legal/en3454.html]
[twitter.com/content/twitter-com/legal/en.html]
[twitter.com/content/twitter-com/legal/en42d0.html]
[twitter.com/content/twitter-com/content/twitter-com/legal/it/tos1.html]
[twitter.com/it/tos/previous.html]
[twitter.com/it/tos.html]
[twitter.com/content/twitter-com/legal/it.html]
[cdn.cms-twdigitalassets.com/etc/designs/info-twitter/public/css/main.de.css]
[twitter.com/content/twitter-com/content/twitter-com/legal/de/tos1.html]
[twitter.com/de/tos/previous.html]
[twitter.com/de/tos.html]
[twitter.com/content/twitter-com/legal/de.html]
[twitter.com/content/twitter-com/content/twitter-com/legal/es/tos1.html]
[twitter.com/es/tos/previous.html]
[twitter.com/es/tos.html]
[twitter.com/content/twitter-com/legal/es.html]
[twitter.com/content/twitter-com/content/twitter-com/legal/fr/tos1.html]
[twitter.com/fr/tos/previous.html]
[twitter.com/fr/tos.html]
[twitter.com/content/twitter-com/legal/fr.html]
[cdn.cms-twdigitalassets.com/etc/designs/info-twitter/public/css/main.ja.css]
[twitter.com/content/twitter-com/content/twitter-com/legal/ja/tos1.html]
[twitter.com/ja/tos/previous.html]
[twitter.com/ja/tos.html]
[twitter.com/content/twitter-com/legal/ja.html]
[twitter.com/ko/tos/previous.html]
[twitter.com/ko/tos.html]
[twitter.com/content/twitter-com/legal/ko.html]
[twitter.com/content/twitter-com/content/twitter-com/legal/pt/tos1.html]
[twitter.com/pt/tos/previous.html]
[twitter.com/pt/tos.html]
[twitter.com/content/twitter-com/legal/pt.html]
[cdn.cms-twdigitalassets.com/etc/designs/info-twitter/public/css/main.ru.css]
[twitter.com/content/twitter-com/content/twitter-com/legal/ru/tos1.html]
[twitter.com/ru/tos/previous.html]
[twitter.com/ru/tos.html]
[cdn.cms-twdigitalassets.com/etc/designs/common-twitter/clientlib-u12-data-protection-notice.min.twhash.p.cl.e5f41c96ebe26adc278fe501d69fdebf.css]
[cdn.cms-twdigitalassets.com/etc/designs/info-twitter/public/css/main.css.twhash.s.f.f29c98750c22ff25bd8502d2e54fa8e9.css]
[cdn.cms-twdigitalassets.com/etc/designs/info-twitter/public/css/print.css.twhash.s.f.a1ddadfc5c50e9e986f7b8872a6b28a3.css]
[twitter.com/content/twitter-com/legal/ru.html]
[twitter.com/settings/account9ed2.html]
[twitter.com/settings/accountd6cc.html]
[twitter.com/settings/account5caa.html]
[twitter.com/settings/account1f03.html]
[twitter.com/settings/accountbbc9.html]
[twitter.com/settings/accounta35d.html]
[twitter.com/settings/account7b3f.html]
[twitter.com/settings/accountc423.html]
[twitter.com/settings/account3322.html]
[twitter.com/settings/account4bed.html]
[twitter.com/settings/accounta4c9.html]
[twitter.com/settings/accountc69a.html]
[twitter.com/settings/accountad9c.html]
[twitter.com/settings/accounte6ac.html]
[twitter.com/settings/account5720.html]
[twitter.com/settings/accounte68f.html]
[twitter.com/settings/account5242.html]
[twitter.com/settings/account4240.html]
[twitter.com/settings/account7d5b.html]
[twitter.com/settings/account64f4.html]
[twitter.com/settings/accountef8e.html]
[twitter.com/settings/account1ebe.html]
[twitter.com/settings/accounta30c.html]
[twitter.com/settings/account9bb4.html]
[twitter.com/settings/accountcf53.html]
[twitter.com/settings/accountc9e6.html]
[twitter.com/settings/account21c9.html]
[twitter.com/settings/account7542.html]
[twitter.com/settings/accountc203.html]
[twitter.com/settings/account99dc.html]
[twitter.com/settings/account2bc7.html]
[twitter.com/settings/accountcdb1.html]
[twitter.com/settings/account6bf8.html]
[twitter.com/settings/account923c.html]
[twitter.com/settings/account0b5e.html]
[twitter.com/settings/account2139.html]
[twitter.com/settings/account08c7.html]
[twitter.com/settings/account6e27.html]
[twitter.com/settings/account9e93.html]
[twitter.com/settings/account880d.html]
[twitter.com/settings/accountcc5a.html]
[twitter.com/settings/account2296.html]
[twitter.com/settings/account9277.html]
[twitter.com/settings/accountadd9.html]
[twitter.com/settings/accounte034.html]
[twitter.com/settings/account3454.html]
[twitter.com/settings/account.html]
[twitter.com/settings/account42d0.html]
[twitter.com/settings/your_twitter_data9ed2.html]
[twitter.com/settings/your_twitter_datad6cc.html]
[twitter.com/settings/your_twitter_data5caa.html]
[twitter.com/settings/your_twitter_data1f03.html]
[twitter.com/settings/your_twitter_databbc9.html]
[twitter.com/settings/your_twitter_dataa35d.html]
[twitter.com/settings/your_twitter_data7b3f.html]
[twitter.com/settings/your_twitter_datac423.html]
[twitter.com/settings/your_twitter_data3322.html]
[twitter.com/settings/your_twitter_data4bed.html]
[twitter.com/settings/your_twitter_dataa4c9.html]
[twitter.com/settings/your_twitter_datac69a.html]
[twitter.com/settings/your_twitter_dataad9c.html]
[twitter.com/settings/your_twitter_datae6ac.html]
[twitter.com/settings/your_twitter_data5720.html]
[twitter.com/settings/your_twitter_datae68f.html]
[twitter.com/settings/your_twitter_data5242.html]
[twitter.com/settings/your_twitter_data4240.html]
[twitter.com/settings/your_twitter_data7d5b.html]
[twitter.com/settings/your_twitter_data64f4.html]
[twitter.com/settings/your_twitter_dataef8e.html]
[twitter.com/settings/your_twitter_data1ebe.html]
[twitter.com/settings/your_twitter_dataa30c.html]
[twitter.com/settings/your_twitter_data9bb4.html]
[twitter.com/settings/your_twitter_datacf53.html]
[twitter.com/settings/your_twitter_datac9e6.html]
[twitter.com/settings/your_twitter_data21c9.html]
[twitter.com/settings/your_twitter_data7542.html]
[twitter.com/settings/your_twitter_datac203.html]
[twitter.com/settings/your_twitter_data99dc.html]
[twitter.com/settings/your_twitter_data2bc7.html]
[twitter.com/settings/your_twitter_datacdb1.html]
[twitter.com/settings/your_twitter_data6bf8.html]
[twitter.com/settings/your_twitter_data923c.html]
[twitter.com/settings/your_twitter_data0b5e.html]
[twitter.com/settings/your_twitter_data2139.html]
[twitter.com/settings/your_twitter_data08c7.html]
[twitter.com/settings/your_twitter_data6e27.html]
[twitter.com/settings/your_twitter_data9e93.html]
[twitter.com/settings/your_twitter_data880d.html]
[twitter.com/settings/your_twitter_datacc5a.html]
[twitter.com/settings/your_twitter_data2296.html]
[twitter.com/settings/your_twitter_data9277.html]
[twitter.com/settings/your_twitter_dataadd9.html]
[twitter.com/settings/your_twitter_datae034.html]
[twitter.com/settings/your_twitter_data3454.html]
[twitter.com/settings/your_twitter_data.html]
[twitter.com/settings/your_twitter_data42d0.html]
[twitter.com/settings/notifications9ed2.html]
[twitter.com/settings/notificationsd6cc.html]
[twitter.com/settings/notifications5caa.html]
[twitter.com/settings/notifications1f03.html]
[twitter.com/settings/notificationsbbc9.html]
[twitter.com/settings/notificationsa35d.html]
[twitter.com/settings/notifications7b3f.html]
[twitter.com/settings/notificationsc423.html]
[twitter.com/settings/notifications3322.html]
[twitter.com/settings/notifications4bed.html]
[twitter.com/settings/notificationsa4c9.html]
[twitter.com/settings/notificationsc69a.html]
[twitter.com/settings/notificationsad9c.html]
[twitter.com/settings/notificationse6ac.html]
[twitter.com/settings/notifications5720.html]
[twitter.com/settings/notificationse68f.html]
[twitter.com/settings/notifications5242.html]
[twitter.com/settings/notifications4240.html]
[twitter.com/settings/notifications7d5b.html]
[twitter.com/settings/notifications64f4.html]
[twitter.com/settings/notificationsef8e.html]
[twitter.com/settings/notifications1ebe.html]
[twitter.com/settings/notificationsa30c.html]
[twitter.com/settings/notifications9bb4.html]
[twitter.com/settings/notificationscf53.html]
[twitter.com/settings/notificationsc9e6.html]
[twitter.com/settings/notifications21c9.html]
[twitter.com/settings/notifications7542.html]
[twitter.com/settings/notificationsc203.html]
[twitter.com/settings/notifications99dc.html]
[twitter.com/settings/notifications2bc7.html]
[twitter.com/settings/notificationscdb1.html]
[twitter.com/settings/notifications6bf8.html]
[twitter.com/settings/notifications923c.html]
[twitter.com/settings/notifications0b5e.html]
[twitter.com/settings/notifications2139.html]
[twitter.com/settings/notifications08c7.html]
[twitter.com/settings/notifications6e27.html]
[twitter.com/settings/notifications9e93.html]
[twitter.com/settings/notifications880d.html]
[twitter.com/settings/notificationscc5a.html]
[twitter.com/settings/notifications2296.html]
[twitter.com/settings/notifications9277.html]
[twitter.com/settings/notificationsadd9.html]
[twitter.com/settings/notificationse034.html]
[twitter.com/settings/notifications3454.html]
[twitter.com/settings/notifications.html]
[twitter.com/settings/notifications42d0.html]
[twitter.com/settings/devices9ed2.html]
[twitter.com/settings/devicesd6cc.html]
[twitter.com/settings/devices5caa.html]
[twitter.com/settings/devices1f03.html]
[twitter.com/settings/devicesbbc9.html]
[twitter.com/settings/devicesa35d.html]
[twitter.com/settings/devices7b3f.html]
[twitter.com/settings/devicesc423.html]
[twitter.com/settings/devices3322.html]
[twitter.com/settings/devices4bed.html]
[twitter.com/settings/devicesa4c9.html]
[twitter.com/settings/devicesc69a.html]
[twitter.com/settings/devicesad9c.html]
[twitter.com/settings/devicese6ac.html]
[twitter.com/settings/devices5720.html]
[twitter.com/settings/devicese68f.html]
[twitter.com/settings/devices5242.html]
[twitter.com/settings/devices4240.html]
[twitter.com/settings/devices7d5b.html]
[twitter.com/settings/devices64f4.html]
[twitter.com/settings/devicesef8e.html]
[twitter.com/settings/devices1ebe.html]
[twitter.com/settings/devicesa30c.html]
[twitter.com/settings/devices9bb4.html]
[twitter.com/settings/devicescf53.html]
[twitter.com/settings/devicesc9e6.html]
[twitter.com/settings/devices21c9.html]
[twitter.com/settings/devices7542.html]
[twitter.com/settings/devicesc203.html]
[twitter.com/settings/devices99dc.html]
[twitter.com/settings/devices2bc7.html]
[twitter.com/settings/devicescdb1.html]
[twitter.com/settings/devices6bf8.html]
[twitter.com/settings/devices923c.html]
[twitter.com/settings/devices0b5e.html]
[twitter.com/settings/devices2139.html]
[twitter.com/settings/devices08c7.html]
[twitter.com/settings/devices6e27.html]
[twitter.com/settings/devices9e93.html]
[twitter.com/settings/devices880d.html]
[twitter.com/settings/devicescc5a.html]
[twitter.com/settings/devices2296.html]
[twitter.com/settings/devices9277.html]
[twitter.com/settings/devicesadd9.html]
[twitter.com/settings/devicese034.html]
[twitter.com/settings/devices3454.html]
[twitter.com/settings/devices.html]
[twitter.com/settings/devices42d0.html]
[twitter.com/settings/safety9ed2.html]
[twitter.com/settings/safetyd6cc.html]
[twitter.com/settings/safety5caa.html]
[twitter.com/settings/safety1f03.html]
[twitter.com/settings/safetybbc9.html]
[twitter.com/settings/safetya35d.html]
[twitter.com/settings/safety7b3f.html]
[twitter.com/settings/safetyc423.html]
[twitter.com/settings/safety3322.html]
[twitter.com/settings/safety4bed.html]
[twitter.com/settings/safetya4c9.html]
[twitter.com/settings/safetyc69a.html]
[twitter.com/settings/safetyad9c.html]
[twitter.com/settings/safetye6ac.html]
[twitter.com/settings/safety5720.html]
[twitter.com/settings/safetye68f.html]
[twitter.com/settings/safety5242.html]
[twitter.com/settings/safety4240.html]
[twitter.com/settings/safety7d5b.html]
[twitter.com/settings/safety64f4.html]
[twitter.com/settings/safetyef8e.html]
[twitter.com/settings/safety1ebe.html]
[twitter.com/settings/safetya30c.html]
[twitter.com/settings/safety9bb4.html]
[twitter.com/settings/safetycf53.html]
[twitter.com/settings/safetyc9e6.html]
[twitter.com/settings/safety21c9.html]
[twitter.com/settings/safety7542.html]
[twitter.com/settings/safetyc203.html]
[twitter.com/settings/safety99dc.html]
[twitter.com/settings/safety2bc7.html]
[twitter.com/settings/safetycdb1.html]
[twitter.com/settings/safety6bf8.html]
[twitter.com/settings/safety923c.html]
[twitter.com/settings/safety0b5e.html]
[twitter.com/settings/safety2139.html]
[twitter.com/settings/safety08c7.html]
[twitter.com/settings/safety6e27.html]
[twitter.com/settings/safety9e93.html]
[twitter.com/settings/safety880d.html]
[twitter.com/settings/safetycc5a.html]
[twitter.com/settings/safety2296.html]
[twitter.com/settings/safety9277.html]
[twitter.com/settings/safetyadd9.html]
[twitter.com/settings/safetye034.html]
[twitter.com/settings/safety3454.html]
[twitter.com/settings/safety.html]
[twitter.com/settings/safety42d0.html]
[twitter.com/personalization9ed2.html]
[twitter.com/personalizationd6cc.html]
[twitter.com/personalization5caa.html]
[twitter.com/personalization1f03.html]
[twitter.com/personalizationbbc9.html]
[twitter.com/personalizationa35d.html]
[twitter.com/personalization7b3f.html]
[twitter.com/personalizationc423.html]
[twitter.com/personalization3322.html]
[twitter.com/personalization4bed.html]
[twitter.com/personalizationa4c9.html]
[twitter.com/personalizationc69a.html]
[twitter.com/personalizationad9c.html]
[twitter.com/personalizatione6ac.html]
[twitter.com/personalization5720.html]
[twitter.com/personalizatione68f.html]
[twitter.com/personalization5242.html]
[twitter.com/personalization4240.html]
[twitter.com/personalization7d5b.html]
[twitter.com/personalization64f4.html]
[twitter.com/personalizationef8e.html]
[twitter.com/personalization1ebe.html]
[twitter.com/personalizationa30c.html]
[twitter.com/personalization9bb4.html]
[twitter.com/personalizationcf53.html]
[twitter.com/personalizationc9e6.html]
[twitter.com/personalization21c9.html]
[twitter.com/personalization7542.html]
[twitter.com/personalizationc203.html]
[twitter.com/personalization99dc.html]
[twitter.com/personalization2bc7.html]
[twitter.com/personalizationcdb1.html]
[twitter.com/personalization6bf8.html]
[twitter.com/personalization923c.html]
[twitter.com/personalization0b5e.html]
[twitter.com/personalization2139.html]
[twitter.com/personalization08c7.html]
[twitter.com/personalization6e27.html]
[twitter.com/personalization9e93.html]
[twitter.com/personalization880d.html]
[twitter.com/personalizationcc5a.html]
[twitter.com/personalization2296.html]
[twitter.com/personalization9277.html]
[twitter.com/personalizationadd9.html]
[twitter.com/personalizatione034.html]
[twitter.com/personalization3454.html]
[twitter.com/personalization.html]
[twitter.com/personalization42d0.html]
[twitter.com/your_twitter_data9ed2.html]
[twitter.com/your_twitter_datad6cc.html]
[twitter.com/your_twitter_data5caa.html]
[twitter.com/your_twitter_data1f03.html]
[twitter.com/your_twitter_databbc9.html]
[twitter.com/your_twitter_dataa35d.html]
[twitter.com/your_twitter_data7b3f.html]
[twitter.com/your_twitter_datac423.html]
[twitter.com/your_twitter_data3322.html]
[twitter.com/your_twitter_data4bed.html]
[twitter.com/your_twitter_dataa4c9.html]
[twitter.com/your_twitter_datac69a.html]
[twitter.com/your_twitter_dataad9c.html]
[twitter.com/your_twitter_datae6ac.html]
[twitter.com/your_twitter_data5720.html]
[twitter.com/your_twitter_datae68f.html]
[twitter.com/your_twitter_data5242.html]
[twitter.com/your_twitter_data4240.html]
[twitter.com/your_twitter_data7d5b.html]
[twitter.com/your_twitter_data64f4.html]
[twitter.com/your_twitter_dataef8e.html]
[twitter.com/your_twitter_data1ebe.html]
[twitter.com/your_twitter_dataa30c.html]
[twitter.com/your_twitter_data9bb4.html]
[twitter.com/your_twitter_datacf53.html]
[twitter.com/your_twitter_datac9e6.html]
[twitter.com/your_twitter_data21c9.html]
[twitter.com/your_twitter_data7542.html]
[twitter.com/your_twitter_datac203.html]
[twitter.com/your_twitter_data99dc.html]
[twitter.com/your_twitter_data2bc7.html]
[twitter.com/your_twitter_datacdb1.html]
[twitter.com/your_twitter_data6bf8.html]
[twitter.com/your_twitter_data923c.html]
[twitter.com/your_twitter_data0b5e.html]
[twitter.com/your_twitter_data2139.html]
[twitter.com/your_twitter_data08c7.html]
[twitter.com/your_twitter_data6e27.html]
[twitter.com/your_twitter_data9e93.html]
[twitter.com/your_twitter_data880d.html]
[twitter.com/your_twitter_datacc5a.html]
[twitter.com/your_twitter_data2296.html]
[twitter.com/your_twitter_data9277.html]
[twitter.com/your_twitter_dataadd9.html]
[twitter.com/your_twitter_datae034.html]
[twitter.com/your_twitter_data3454.html]
[twitter.com/your_twitter_data.html]
[twitter.com/your_twitter_data42d0.html]
[twitter.com/settings/autoplay9ed2.html]
[twitter.com/settings/autoplayd6cc.html]
[twitter.com/settings/autoplay5caa.html]
[twitter.com/settings/autoplay1f03.html]
[twitter.com/settings/autoplaybbc9.html]
[twitter.com/settings/autoplaya35d.html]
[twitter.com/settings/autoplay7b3f.html]
[twitter.com/settings/autoplayc423.html]
[twitter.com/settings/autoplay3322.html]
[twitter.com/settings/autoplay4bed.html]
[twitter.com/settings/autoplaya4c9.html]
[twitter.com/settings/autoplayc69a.html]
[twitter.com/settings/autoplayad9c.html]
[twitter.com/settings/autoplaye6ac.html]
[twitter.com/settings/autoplay5720.html]
[twitter.com/settings/autoplaye68f.html]
[twitter.com/settings/autoplay5242.html]
[twitter.com/settings/autoplay4240.html]
[twitter.com/settings/autoplay7d5b.html]
[twitter.com/settings/autoplay64f4.html]
[twitter.com/settings/autoplayef8e.html]
[twitter.com/settings/autoplay1ebe.html]
[twitter.com/settings/autoplaya30c.html]
[twitter.com/settings/autoplay9bb4.html]
[twitter.com/settings/autoplaycf53.html]
[twitter.com/settings/autoplayc9e6.html]
[twitter.com/settings/autoplay21c9.html]
[twitter.com/settings/autoplay7542.html]
[twitter.com/settings/autoplayc203.html]
[twitter.com/settings/autoplay99dc.html]
[twitter.com/settings/autoplay2bc7.html]
[twitter.com/settings/autoplaycdb1.html]
[twitter.com/settings/autoplay6bf8.html]
[twitter.com/settings/autoplay923c.html]
[twitter.com/settings/autoplay0b5e.html]
[twitter.com/settings/autoplay2139.html]
[twitter.com/settings/autoplay08c7.html]
[twitter.com/settings/autoplay6e27.html]
[twitter.com/settings/autoplay9e93.html]
[twitter.com/settings/autoplay880d.html]
[twitter.com/settings/autoplaycc5a.html]
[twitter.com/settings/autoplay2296.html]
[twitter.com/settings/autoplay9277.html]
[twitter.com/settings/autoplayadd9.html]
[twitter.com/settings/autoplaye034.html]
[twitter.com/settings/autoplay3454.html]
[twitter.com/settings/autoplay.html]
[twitter.com/settings/autoplay42d0.html]
[twitter.com/twittersupport9ed2.html]
[twitter.com/twittersupportd6cc.html]
[twitter.com/twittersupport5caa.html]
[twitter.com/twittersupport1f03.html]
[twitter.com/twittersupportbbc9.html]
[twitter.com/twittersupporta35d.html]
[twitter.com/twittersupport7b3f.html]
[twitter.com/twittersupport.html]
[twitter.com/en/privacy/previous.html]
[twitter.com/it/privacy.html]
[twitter.com/de/privacy.html]
[twitter.com/es/privacy.html]
[twitter.com/fr/privacy.html]
